../Core/Src/fsm_3.c:33:6:joystick_derecha	16	static
../Core/Src/fsm_3.c:46:6:joystick_arriba	16	static
../Core/Src/fsm_3.c:58:6:debounce	40	static
../Core/Src/fsm_3.c:75:6:cafe_listo	8	static
../Core/Src/fsm_3.c:79:6:boton_azul_presionado	8	static
../Core/Src/fsm_3.c:83:6:boton_azul_sostenido	16	static
../Core/Src/fsm_3.c:98:6:boton1_presionado	8	static
../Core/Src/fsm_3.c:99:6:boton2_presionado	8	static
../Core/Src/fsm_3.c:110:7:boton3_presionado	8	static
../Core/Src/fsm_3.c:115:6:mostrar_estado_leds	16	static
../Core/Src/fsm_3.c:128:6:actualizar_temperatura_actual	16	static
../Core/Src/fsm_3.c:137:6:fsm_update	144	static
