../Core/Src/main.c:96:5:main	8	static
../Core/Src/main.c:167:6:SystemClock_Config	88	static
../Core/Src/main.c:214:13:MX_ADC1_Init	24	static
../Core/Src/main.c:279:13:MX_I2C1_Init	8	static
../Core/Src/main.c:313:13:MX_I2C2_Init	8	static
../Core/Src/main.c:347:13:MX_TIM3_Init	48	static
../Core/Src/main.c:396:13:MX_USART1_UART_Init	8	static
../Core/Src/main.c:429:13:MX_USART2_UART_Init	8	static
../Core/Src/main.c:460:13:MX_DMA_Init	16	static
../Core/Src/main.c:478:13:MX_GPIO_Init	40	static
../Core/Src/main.c:547:6:Error_Handler	4	static,ignoring_inline_asm
